// Jest Snapshot v1, https://goo.gl/fbAQLP

exports[`should display a blank login form 1`] = `ReactWrapper {}`;
